app/voyages/[id]/manifest/page.tsx(137,81): error TS2551: Property 'jenisBarang' does not exist on type 'Transaction'. Did you mean 'isiBarang'?
app/voyages/[id]/page.tsx(327,62): error TS2322: Type '(value: number) => string' is not assignable to type 'Formatter<number, NameType>'.
  Types of parameters 'value' and 'value' are incompatible.
    Type 'number | undefined' is not assignable to type 'number'.
      Type 'undefined' is not assignable to type 'number'.
